127.0.0.1 - - [20/Jun/2017:09:17:27 +0800] "GET / HTTP/1.1" 200 593
127.0.0.1 - - [20/Jun/2017:09:25:42 +0800] "GET / HTTP/1.1" 200 593
0:0:0:0:0:0:0:1 - - [20/Jun/2017:09:25:42 +0800] "GET /qite/sys/user/test HTTP/1.1" 200 96
0:0:0:0:0:0:0:1 - - [20/Jun/2017:09:25:42 +0800] "GET /favicon.ico HTTP/1.1" 404 1020
127.0.0.1 - - [20/Jun/2017:09:30:13 +0800] "GET / HTTP/1.1" 200 593
0:0:0:0:0:0:0:1 - - [20/Jun/2017:09:30:13 +0800] "GET /qite/sys/user/test HTTP/1.1" 500 14260
127.0.0.1 - - [20/Jun/2017:09:33:35 +0800] "GET / HTTP/1.1" 200 593
0:0:0:0:0:0:0:1 - - [20/Jun/2017:09:33:39 +0800] "GET /qite/sys/user/test HTTP/1.1" 200 96
127.0.0.1 - - [20/Jun/2017:09:34:34 +0800] "GET / HTTP/1.1" 200 593
0:0:0:0:0:0:0:1 - - [20/Jun/2017:09:34:34 +0800] "GET /qite/sys/user/test HTTP/1.1" 200 96
127.0.0.1 - - [20/Jun/2017:10:08:23 +0800] "GET / HTTP/1.1" 200 593
0:0:0:0:0:0:0:1 - - [20/Jun/2017:10:08:25 +0800] "GET /qite/sys/employee/getPage HTTP/1.1" 500 97817
127.0.0.1 - - [20/Jun/2017:10:08:56 +0800] "GET / HTTP/1.1" 200 593
0:0:0:0:0:0:0:1 - - [20/Jun/2017:10:09:37 +0800] "GET /qite/sys/employee/getPage HTTP/1.1" 500 97817
127.0.0.1 - - [20/Jun/2017:10:11:28 +0800] "GET / HTTP/1.1" 200 593
0:0:0:0:0:0:0:1 - - [20/Jun/2017:10:12:02 +0800] "GET /qite/sys/employee/getPage HTTP/1.1" 200 2450
127.0.0.1 - - [20/Jun/2017:10:13:21 +0800] "GET / HTTP/1.1" 200 593
127.0.0.1 - - [20/Jun/2017:10:24:49 +0800] "GET / HTTP/1.1" 200 593
0:0:0:0:0:0:0:1 - - [20/Jun/2017:10:24:54 +0800] "GET /qite/sys/employee/getPage HTTP/1.1" 200 2450
0:0:0:0:0:0:0:1 - - [20/Jun/2017:10:25:30 +0800] "GET /qite/sys/employee/getPage HTTP/1.1" 200 2450
127.0.0.1 - - [20/Jun/2017:10:43:07 +0800] "GET / HTTP/1.1" 200 593
0:0:0:0:0:0:0:1 - - [20/Jun/2017:10:43:14 +0800] "GET /qite/sys/employee/getPage HTTP/1.1" 200 2450
127.0.0.1 - - [20/Jun/2017:10:51:46 +0800] "GET / HTTP/1.1" 200 593
0:0:0:0:0:0:0:1 - - [20/Jun/2017:10:52:00 +0800] "GET /qite/sys/employee/getPage HTTP/1.1" 200 3129
127.0.0.1 - - [20/Jun/2017:11:12:15 +0800] "GET / HTTP/1.1" 200 593
0:0:0:0:0:0:0:1 - - [20/Jun/2017:11:12:19 +0800] "GET /qite/sys/employee/getPage HTTP/1.1" 200 2618
127.0.0.1 - - [20/Jun/2017:11:14:31 +0800] "GET / HTTP/1.1" 200 593
127.0.0.1 - - [20/Jun/2017:11:14:32 +0800] "GET /qite/sys/employee/getPage HTTP/1.1" 200 3129
0:0:0:0:0:0:0:1 - - [20/Jun/2017:11:14:32 +0800] "GET /qite/sys/employee/getPage HTTP/1.1" 200 3129
127.0.0.1 - - [20/Jun/2017:12:24:12 +0800] "GET / HTTP/1.1" 200 593
0:0:0:0:0:0:0:1 - - [20/Jun/2017:12:24:13 +0800] "GET /qite/deploy.jsp HTTP/1.1" 200 433
0:0:0:0:0:0:0:1 - - [20/Jun/2017:12:24:17 +0800] "POST /qite/sys/workflowd/deploy HTTP/1.1" 404 996
0:0:0:0:0:0:0:1 - - [20/Jun/2017:12:24:41 +0800] "POST /qite/sys/workflowd/deploy HTTP/1.1" 404 996
0:0:0:0:0:0:0:1 - - [20/Jun/2017:12:24:46 +0800] "GET /qite/deploy.jsp HTTP/1.1" 200 433
0:0:0:0:0:0:0:1 - - [20/Jun/2017:12:25:14 +0800] "POST /qite/busi/workflow/deploy HTTP/1.1" 200 70
127.0.0.1 - - [20/Jun/2017:12:27:23 +0800] "GET / HTTP/1.1" 200 593
0:0:0:0:0:0:0:1 - - [20/Jun/2017:12:27:30 +0800] "POST /qite/busi/workflow/deploy HTTP/1.1" 200 70
127.0.0.1 - - [20/Jun/2017:12:28:21 +0800] "GET / HTTP/1.1" 200 593
0:0:0:0:0:0:0:1 - - [20/Jun/2017:12:28:22 +0800] "POST /qite/busi/workflow/deploy HTTP/1.1" 200 70
0:0:0:0:0:0:0:1 - - [20/Jun/2017:12:28:41 +0800] "POST /qite/busi/workflow/deploy HTTP/1.1" 200 70
0:0:0:0:0:0:0:1 - - [20/Jun/2017:12:29:06 +0800] "POST /qite/busi/workflow/deploy HTTP/1.1" 200 70
0:0:0:0:0:0:0:1 - - [20/Jun/2017:13:48:30 +0800] "POST /qite/busi/workflow/deploy HTTP/1.1" 200 70
0:0:0:0:0:0:0:1 - - [20/Jun/2017:13:53:34 +0800] "POST /qite/busi/workflow/deploy HTTP/1.1" 200 70
127.0.0.1 - - [20/Jun/2017:14:10:42 +0800] "GET / HTTP/1.1" 200 593
0:0:0:0:0:0:0:1 - - [20/Jun/2017:14:11:01 +0800] "GET /qite/busi/workflow/getPDList HTTP/1.1" 500 9353
0:0:0:0:0:0:0:1 - - [20/Jun/2017:14:12:08 +0800] "GET /qite/busi/workflow/getPDList HTTP/1.1" 500 9353
0:0:0:0:0:0:0:1 - - [20/Jun/2017:14:13:28 +0800] "GET /qite/busi/workflow/getDeployList HTTP/1.1" 500 13136
0:0:0:0:0:0:0:1 - - [20/Jun/2017:14:16:25 +0800] "GET /qite/busi/workflow/getDeployList HTTP/1.1" 500 13136
0:0:0:0:0:0:0:1 - - [20/Jun/2017:14:18:46 +0800] "GET /qite/busi/workflow/getDeployList HTTP/1.1" 500 13136
127.0.0.1 - - [20/Jun/2017:14:39:00 +0800] "GET / HTTP/1.1" 200 593
0:0:0:0:0:0:0:1 - - [20/Jun/2017:14:39:00 +0800] "GET /qite/busi/workflow/getDeployList HTTP/1.1" 500 13136
0:0:0:0:0:0:0:1 - - [20/Jun/2017:14:39:06 +0800] "GET /qite/busi/workflow/getDeployList HTTP/1.1" 500 13136
0:0:0:0:0:0:0:1 - - [20/Jun/2017:14:39:43 +0800] "GET /qite/busi/workflow/getDeployList HTTP/1.1" 500 13136
0:0:0:0:0:0:0:1 - - [20/Jun/2017:14:48:04 +0800] "GET /qite/busi/workflow/getDeployList HTTP/1.1" 500 8120
0:0:0:0:0:0:0:1 - - [20/Jun/2017:14:49:58 +0800] "GET /qite/busi/workflow/getDeployList HTTP/1.1" 500 13136
127.0.0.1 - - [20/Jun/2017:15:04:34 +0800] "GET / HTTP/1.1" 200 593
0:0:0:0:0:0:0:1 - - [20/Jun/2017:15:04:34 +0800] "GET /qite/busi/workflow/getDeployList HTTP/1.1" 200 81
0:0:0:0:0:0:0:1 - - [20/Jun/2017:15:04:46 +0800] "GET /qite/busi/workflow/getDeployList HTTP/1.1" 200 81
127.0.0.1 - - [20/Jun/2017:15:11:30 +0800] "GET / HTTP/1.1" 200 593
0:0:0:0:0:0:0:1 - - [20/Jun/2017:15:11:30 +0800] "GET /qite/busi/workflow/getDeployList1 HTTP/1.1" 500 12138
0:0:0:0:0:0:0:1 - - [20/Jun/2017:15:13:49 +0800] "GET /qite/busi/workflow/getDeployList1 HTTP/1.1" 500 12138
0:0:0:0:0:0:0:1 - - [20/Jun/2017:15:15:28 +0800] "GET /qite/busi/workflow/getDeployList1 HTTP/1.1" 500 12138
0:0:0:0:0:0:0:1 - - [20/Jun/2017:15:17:34 +0800] "GET /qite/busi/workflow/getDeployList1 HTTP/1.1" 500 12138
127.0.0.1 - - [20/Jun/2017:15:24:11 +0800] "GET / HTTP/1.1" 200 593
0:0:0:0:0:0:0:1 - - [20/Jun/2017:15:24:21 +0800] "GET /qite/busi/workflow/getDeployList1 HTTP/1.1" 500 8124
0:0:0:0:0:0:0:1 - - [20/Jun/2017:15:37:45 +0800] "GET /qite/busi/workflow/getDeployList1 HTTP/1.1" 500 8122
0:0:0:0:0:0:0:1 - - [20/Jun/2017:15:42:19 +0800] "GET /qite/busi/workflow/getDeployList1 HTTP/1.1" 500 8122
0:0:0:0:0:0:0:1 - - [20/Jun/2017:15:43:15 +0800] "GET /qite/busi/workflow/getDeployList1 HTTP/1.1" 500 8122
0:0:0:0:0:0:0:1 - - [20/Jun/2017:15:44:25 +0800] "GET /qite/busi/workflow/getDeployList1 HTTP/1.1" 500 8122
0:0:0:0:0:0:0:1 - - [20/Jun/2017:15:45:34 +0800] "GET /qite/deploy.jsp HTTP/1.1" 200 433
0:0:0:0:0:0:0:1 - - [20/Jun/2017:15:45:42 +0800] "POST /qite/busi/workflow/deploy HTTP/1.1" 200 81
0:0:0:0:0:0:0:1 - - [20/Jun/2017:15:45:48 +0800] "GET /qite/busi/workflow/getDeployList1 HTTP/1.1" 500 8122
0:0:0:0:0:0:0:1 - - [20/Jun/2017:15:46:36 +0800] "GET /qite/busi/workflow/getDeployList1 HTTP/1.1" 500 8122
0:0:0:0:0:0:0:1 - - [20/Jun/2017:15:46:50 +0800] "GET /qite/busi/workflow/getDeployList1 HTTP/1.1" 500 12138
0:0:0:0:0:0:0:1 - - [20/Jun/2017:15:49:59 +0800] "GET /qite/busi/workflow/getDeployList1 HTTP/1.1" 500 4687
0:0:0:0:0:0:0:1 - - [20/Jun/2017:15:50:19 +0800] "GET /qite/busi/workflow/getDeployList1 HTTP/1.1" 200 165
0:0:0:0:0:0:0:1 - - [20/Jun/2017:15:51:17 +0800] "GET /qite/busi/workflow/getDeployList1 HTTP/1.1" 200 165
0:0:0:0:0:0:0:1 - - [20/Jun/2017:15:51:22 +0800] "GET /qite/busi/workflow/getDeployList1 HTTP/1.1" 200 165
0:0:0:0:0:0:0:1 - - [20/Jun/2017:15:51:47 +0800] "GET /qite/busi/workflow/getDeployList1 HTTP/1.1" 500 11323
127.0.0.1 - - [20/Jun/2017:16:03:41 +0800] "GET / HTTP/1.1" 200 593
0:0:0:0:0:0:0:1 - - [20/Jun/2017:16:03:41 +0800] "GET /qite/busi/workflow/getDeployList1 HTTP/1.1" 500 11323
0:0:0:0:0:0:0:1 - - [20/Jun/2017:16:03:44 +0800] "GET /qite/busi/workflow/getDeployList1 HTTP/1.1" 500 11323
127.0.0.1 - - [20/Jun/2017:16:25:56 +0800] "GET / HTTP/1.1" 200 593
0:0:0:0:0:0:0:1 - - [20/Jun/2017:16:25:56 +0800] "GET /qite/busi/workflow/getDeployList1 HTTP/1.1" 500 11323
0:0:0:0:0:0:0:1 - - [20/Jun/2017:16:30:16 +0800] "GET /qite/busi/workflow/getPDList HTTP/1.1" 500 9353
0:0:0:0:0:0:0:1 - - [20/Jun/2017:16:39:21 +0800] "GET /qite/busi/workflow/getPDList HTTP/1.1" 500 9353
127.0.0.1 - - [20/Jun/2017:16:43:32 +0800] "GET / HTTP/1.1" 200 593
0:0:0:0:0:0:0:1 - - [20/Jun/2017:16:43:33 +0800] "GET /qite/busi/workflow/getDeployList1 HTTP/1.1" 200 68
0:0:0:0:0:0:0:1 - - [20/Jun/2017:16:43:57 +0800] "GET /qite/busi/workflow/getDeployList1 HTTP/1.1" 500 13136
0:0:0:0:0:0:0:1 - - [20/Jun/2017:16:44:13 +0800] "GET /qite/busi/workflow/getDeployList1 HTTP/1.1" 500 13136
0:0:0:0:0:0:0:1 - - [20/Jun/2017:16:55:28 +0800] "GET /qite/busi/workflow/getDeployList1 HTTP/1.1" 500 13136
0:0:0:0:0:0:0:1 - - [20/Jun/2017:16:55:39 +0800] "GET /qite/busi/workflow/getDeployList1 HTTP/1.1" 500 13136
0:0:0:0:0:0:0:1 - - [20/Jun/2017:16:57:56 +0800] "GET /qite/busi/workflow/getDeployList1 HTTP/1.1" 500 12304
0:0:0:0:0:0:0:1 - - [20/Jun/2017:16:58:20 +0800] "GET /qite/busi/workflow/getDeployList1 HTTP/1.1" 200 79
0:0:0:0:0:0:0:1 - - [20/Jun/2017:16:58:46 +0800] "GET /qite/busi/workflow/getDeployList1 HTTP/1.1" 500 12304
0:0:0:0:0:0:0:1 - - [20/Jun/2017:16:59:01 +0800] "GET /qite/busi/workflow/getDeployList1 HTTP/1.1" 500 12304
192.168.0.108 - - [20/Jun/2017:17:07:43 +0800] "GET /qite/busi/workflow/getDeployList1 HTTP/1.1" 500 12304
192.168.0.108 - - [20/Jun/2017:17:07:43 +0800] "GET /favicon.ico HTTP/1.1" 404 1020
192.168.0.142 - - [20/Jun/2017:17:08:00 +0800] "GET /qite/busi/workflow/getDeployList1 HTTP/1.1" 500 12304
127.0.0.1 - - [20/Jun/2017:17:25:32 +0800] "GET / HTTP/1.1" 200 593
192.168.0.108 - - [20/Jun/2017:17:25:33 +0800] "GET /qite/busi/workflow/getPDList HTTP/1.1" 200 402
192.168.0.108 - - [20/Jun/2017:17:25:33 +0800] "GET /qite/busi/workflow/getPDList HTTP/1.1" 200 402
127.0.0.1 - - [20/Jun/2017:17:33:12 +0800] "GET / HTTP/1.1" 200 593
192.168.0.108 - - [20/Jun/2017:17:33:12 +0800] "GET /qite/busi/workflow/getDeployList HTTP/1.1" 200 181
192.168.0.108 - - [20/Jun/2017:17:34:33 +0800] "GET /qite/busi/workflow/getDeployList HTTP/1.1" 200 189
192.168.0.108 - - [20/Jun/2017:17:57:47 +0800] "GET /qite/busi/workflow/getDeployList HTTP/1.1" 200 189
